// Jest Snapshot v1, https://goo.gl/fbAQLP

exports[`getCardRelations card 1 1`] = `Array []`;

exports[`getCardRelations card 1 2`] = `
Array [
  2,
  3,
  4,
  8,
]
`;
